Archive member included to satisfy reference by file (symbol)

/usr/lib/gcc/avr/11.2.0/avr5/libgcc.a(_udivmodhi4.o)
                              obj/solderocket.o (__udivmodhi4)
/usr/lib/gcc/avr/11.2.0/avr5/libgcc.a(_exit.o)
                              /usr/lib/gcc/avr/11.2.0/../../../../avr/lib/avr5/crtatmega328.o (exit)
/usr/lib/gcc/avr/11.2.0/avr5/libgcc.a(_copy_data.o)
                              obj/solderocket.o (__do_copy_data)

Discarded input sections

 .data          0x0000000000000000        0x0 /usr/lib/gcc/avr/11.2.0/../../../../avr/lib/avr5/crtatmega328.o
 .bss           0x0000000000000000        0x0 /usr/lib/gcc/avr/11.2.0/../../../../avr/lib/avr5/crtatmega328.o
 .text          0x0000000000000000        0x0 obj/solderocket.o
 .bss           0x0000000000000000        0x0 obj/solderocket.o
 .text          0x0000000000000000        0x0 /usr/lib/gcc/avr/11.2.0/avr5/libgcc.a(_udivmodhi4.o)
 .data          0x0000000000000000        0x0 /usr/lib/gcc/avr/11.2.0/avr5/libgcc.a(_udivmodhi4.o)
 .bss           0x0000000000000000        0x0 /usr/lib/gcc/avr/11.2.0/avr5/libgcc.a(_udivmodhi4.o)
 .text.libgcc.mul
                0x0000000000000000        0x0 /usr/lib/gcc/avr/11.2.0/avr5/libgcc.a(_udivmodhi4.o)
 .text.libgcc   0x0000000000000000        0x0 /usr/lib/gcc/avr/11.2.0/avr5/libgcc.a(_udivmodhi4.o)
 .text.libgcc.prologue
                0x0000000000000000        0x0 /usr/lib/gcc/avr/11.2.0/avr5/libgcc.a(_udivmodhi4.o)
 .text.libgcc.builtins
                0x0000000000000000        0x0 /usr/lib/gcc/avr/11.2.0/avr5/libgcc.a(_udivmodhi4.o)
 .text.libgcc.fmul
                0x0000000000000000        0x0 /usr/lib/gcc/avr/11.2.0/avr5/libgcc.a(_udivmodhi4.o)
 .text.libgcc.fixed
                0x0000000000000000        0x0 /usr/lib/gcc/avr/11.2.0/avr5/libgcc.a(_udivmodhi4.o)
 .text          0x0000000000000000        0x0 /usr/lib/gcc/avr/11.2.0/avr5/libgcc.a(_exit.o)
 .data          0x0000000000000000        0x0 /usr/lib/gcc/avr/11.2.0/avr5/libgcc.a(_exit.o)
 .bss           0x0000000000000000        0x0 /usr/lib/gcc/avr/11.2.0/avr5/libgcc.a(_exit.o)
 .text.libgcc.mul
                0x0000000000000000        0x0 /usr/lib/gcc/avr/11.2.0/avr5/libgcc.a(_exit.o)
 .text.libgcc.div
                0x0000000000000000        0x0 /usr/lib/gcc/avr/11.2.0/avr5/libgcc.a(_exit.o)
 .text.libgcc   0x0000000000000000        0x0 /usr/lib/gcc/avr/11.2.0/avr5/libgcc.a(_exit.o)
 .text.libgcc.prologue
                0x0000000000000000        0x0 /usr/lib/gcc/avr/11.2.0/avr5/libgcc.a(_exit.o)
 .text.libgcc.builtins
                0x0000000000000000        0x0 /usr/lib/gcc/avr/11.2.0/avr5/libgcc.a(_exit.o)
 .text.libgcc.fmul
                0x0000000000000000        0x0 /usr/lib/gcc/avr/11.2.0/avr5/libgcc.a(_exit.o)
 .text.libgcc.fixed
                0x0000000000000000        0x0 /usr/lib/gcc/avr/11.2.0/avr5/libgcc.a(_exit.o)
 .text          0x0000000000000000        0x0 /usr/lib/gcc/avr/11.2.0/avr5/libgcc.a(_copy_data.o)
 .data          0x0000000000000000        0x0 /usr/lib/gcc/avr/11.2.0/avr5/libgcc.a(_copy_data.o)
 .bss           0x0000000000000000        0x0 /usr/lib/gcc/avr/11.2.0/avr5/libgcc.a(_copy_data.o)
 .text.libgcc.mul
                0x0000000000000000        0x0 /usr/lib/gcc/avr/11.2.0/avr5/libgcc.a(_copy_data.o)
 .text.libgcc.div
                0x0000000000000000        0x0 /usr/lib/gcc/avr/11.2.0/avr5/libgcc.a(_copy_data.o)
 .text.libgcc   0x0000000000000000        0x0 /usr/lib/gcc/avr/11.2.0/avr5/libgcc.a(_copy_data.o)
 .text.libgcc.prologue
                0x0000000000000000        0x0 /usr/lib/gcc/avr/11.2.0/avr5/libgcc.a(_copy_data.o)
 .text.libgcc.builtins
                0x0000000000000000        0x0 /usr/lib/gcc/avr/11.2.0/avr5/libgcc.a(_copy_data.o)
 .text.libgcc.fmul
                0x0000000000000000        0x0 /usr/lib/gcc/avr/11.2.0/avr5/libgcc.a(_copy_data.o)
 .text.libgcc.fixed
                0x0000000000000000        0x0 /usr/lib/gcc/avr/11.2.0/avr5/libgcc.a(_copy_data.o)

Memory Configuration

Name             Origin             Length             Attributes
text             0x0000000000000000 0x0000000000020000 xr
data             0x0000000000800060 0x000000000000ffa0 rw !x
eeprom           0x0000000000810000 0x0000000000010000 rw !x
fuse             0x0000000000820000 0x0000000000000400 rw !x
lock             0x0000000000830000 0x0000000000000400 rw !x
signature        0x0000000000840000 0x0000000000000400 rw !x
user_signatures  0x0000000000850000 0x0000000000000400 rw !x
*default*        0x0000000000000000 0xffffffffffffffff

Linker script and memory map

Address of section .data set to 0x800100
LOAD /usr/lib/gcc/avr/11.2.0/../../../../avr/lib/avr5/crtatmega328.o
LOAD obj/solderocket.o
LOAD /usr/lib/gcc/avr/11.2.0/../../../../avr/lib/avr5/libm.a
START GROUP
LOAD /usr/lib/gcc/avr/11.2.0/avr5/libgcc.a
LOAD /usr/lib/gcc/avr/11.2.0/../../../../avr/lib/avr5/libm.a
LOAD /usr/lib/gcc/avr/11.2.0/../../../../avr/lib/avr5/libc.a
LOAD /usr/lib/gcc/avr/11.2.0/../../../../avr/lib/avr5/libatmega328.a
END GROUP
                0x0000000000020000                __TEXT_REGION_LENGTH__ = DEFINED (__TEXT_REGION_LENGTH__)?__TEXT_REGION_LENGTH__:0x20000
                0x000000000000ffa0                __DATA_REGION_LENGTH__ = DEFINED (__DATA_REGION_LENGTH__)?__DATA_REGION_LENGTH__:0xffa0
                0x0000000000010000                __EEPROM_REGION_LENGTH__ = DEFINED (__EEPROM_REGION_LENGTH__)?__EEPROM_REGION_LENGTH__:0x10000
                0x0000000000000400                __FUSE_REGION_LENGTH__ = DEFINED (__FUSE_REGION_LENGTH__)?__FUSE_REGION_LENGTH__:0x400
                0x0000000000000400                __LOCK_REGION_LENGTH__ = DEFINED (__LOCK_REGION_LENGTH__)?__LOCK_REGION_LENGTH__:0x400
                0x0000000000000400                __SIGNATURE_REGION_LENGTH__ = DEFINED (__SIGNATURE_REGION_LENGTH__)?__SIGNATURE_REGION_LENGTH__:0x400
                0x0000000000000400                __USER_SIGNATURE_REGION_LENGTH__ = DEFINED (__USER_SIGNATURE_REGION_LENGTH__)?__USER_SIGNATURE_REGION_LENGTH__:0x400

.hash
 *(.hash)

.dynsym
 *(.dynsym)

.dynstr
 *(.dynstr)

.gnu.version
 *(.gnu.version)

.gnu.version_d
 *(.gnu.version_d)

.gnu.version_r
 *(.gnu.version_r)

.rel.init
 *(.rel.init)

.rela.init
 *(.rela.init)

.rel.text
 *(.rel.text)
 *(.rel.text.*)
 *(.rel.gnu.linkonce.t*)

.rela.text
 *(.rela.text)
 *(.rela.text.*)
 *(.rela.gnu.linkonce.t*)

.rel.fini
 *(.rel.fini)

.rela.fini
 *(.rela.fini)

.rel.rodata
 *(.rel.rodata)
 *(.rel.rodata.*)
 *(.rel.gnu.linkonce.r*)

.rela.rodata
 *(.rela.rodata)
 *(.rela.rodata.*)
 *(.rela.gnu.linkonce.r*)

.rel.data
 *(.rel.data)
 *(.rel.data.*)
 *(.rel.gnu.linkonce.d*)

.rela.data
 *(.rela.data)
 *(.rela.data.*)
 *(.rela.gnu.linkonce.d*)

.rel.ctors
 *(.rel.ctors)

.rela.ctors
 *(.rela.ctors)

.rel.dtors
 *(.rel.dtors)

.rela.dtors
 *(.rela.dtors)

.rel.got
 *(.rel.got)

.rela.got
 *(.rela.got)

.rel.bss
 *(.rel.bss)

.rela.bss
 *(.rela.bss)

.rel.plt
 *(.rel.plt)

.rela.plt
 *(.rela.plt)

.text           0x0000000000000000      0x18a
 *(.vectors)
 .vectors       0x0000000000000000       0x68 /usr/lib/gcc/avr/11.2.0/../../../../avr/lib/avr5/crtatmega328.o
                0x0000000000000000                __vectors
                0x0000000000000000                __vector_default
 *(.vectors)
 *(.progmem.gcc*)
                0x0000000000000068                . = ALIGN (0x2)
                0x0000000000000068                __trampolines_start = .
 *(.trampolines)
 .trampolines   0x0000000000000068        0x0 linker stubs
 *(.trampolines*)
                0x0000000000000068                __trampolines_end = .
 *libprintf_flt.a:*(.progmem.data)
 *libc.a:*(.progmem.data)
 *(.progmem.*)
                0x0000000000000068                . = ALIGN (0x2)
 *(.lowtext)
 *(.lowtext*)
                0x0000000000000068                __ctors_start = .
 *(.ctors)
                0x0000000000000068                __ctors_end = .
                0x0000000000000068                __dtors_start = .
 *(.dtors)
                0x0000000000000068                __dtors_end = .
 SORT_BY_NAME(*)(.ctors)
 SORT_BY_NAME(*)(.dtors)
 *(.init0)
 .init0         0x0000000000000068        0x0 /usr/lib/gcc/avr/11.2.0/../../../../avr/lib/avr5/crtatmega328.o
                0x0000000000000068                __init
 *(.init0)
 *(.init1)
 *(.init1)
 *(.init2)
 .init2         0x0000000000000068        0xc /usr/lib/gcc/avr/11.2.0/../../../../avr/lib/avr5/crtatmega328.o
 *(.init2)
 *(.init3)
 *(.init3)
 *(.init4)
 .init4         0x0000000000000074       0x16 /usr/lib/gcc/avr/11.2.0/avr5/libgcc.a(_copy_data.o)
                0x0000000000000074                __do_copy_data
 *(.init4)
 *(.init5)
 *(.init5)
 *(.init6)
 *(.init6)
 *(.init7)
 *(.init7)
 *(.init8)
 *(.init8)
 *(.init9)
 .init9         0x000000000000008a        0x4 /usr/lib/gcc/avr/11.2.0/../../../../avr/lib/avr5/crtatmega328.o
 *(.init9)
 *(.text)
 .text          0x000000000000008e        0x2 /usr/lib/gcc/avr/11.2.0/../../../../avr/lib/avr5/crtatmega328.o
                0x000000000000008e                __vector_22
                0x000000000000008e                __vector_1
                0x000000000000008e                __vector_24
                0x000000000000008e                __vector_12
                0x000000000000008e                __bad_interrupt
                0x000000000000008e                __vector_6
                0x000000000000008e                __vector_3
                0x000000000000008e                __vector_23
                0x000000000000008e                __vector_25
                0x000000000000008e                __vector_11
                0x000000000000008e                __vector_13
                0x000000000000008e                __vector_17
                0x000000000000008e                __vector_19
                0x000000000000008e                __vector_7
                0x000000000000008e                __vector_5
                0x000000000000008e                __vector_4
                0x000000000000008e                __vector_9
                0x000000000000008e                __vector_2
                0x000000000000008e                __vector_21
                0x000000000000008e                __vector_15
                0x000000000000008e                __vector_8
                0x000000000000008e                __vector_14
                0x000000000000008e                __vector_10
                0x000000000000008e                __vector_16
                0x000000000000008e                __vector_18
                0x000000000000008e                __vector_20
                0x0000000000000090                . = ALIGN (0x2)
 *(.text.*)
 .text.ReadADC  0x0000000000000090       0x2a obj/solderocket.o
                0x0000000000000090                ReadADC
 .text.startup.main
                0x00000000000000ba       0xa4 obj/solderocket.o
                0x00000000000000ba                main
 .text.libgcc.div
                0x000000000000015e       0x28 /usr/lib/gcc/avr/11.2.0/avr5/libgcc.a(_udivmodhi4.o)
                0x000000000000015e                __udivmodhi4
                0x0000000000000186                . = ALIGN (0x2)
 *(.fini9)
 .fini9         0x0000000000000186        0x0 /usr/lib/gcc/avr/11.2.0/avr5/libgcc.a(_exit.o)
                0x0000000000000186                exit
                0x0000000000000186                _exit
 *(.fini9)
 *(.fini8)
 *(.fini8)
 *(.fini7)
 *(.fini7)
 *(.fini6)
 *(.fini6)
 *(.fini5)
 *(.fini5)
 *(.fini4)
 *(.fini4)
 *(.fini3)
 *(.fini3)
 *(.fini2)
 *(.fini2)
 *(.fini1)
 *(.fini1)
 *(.fini0)
 .fini0         0x0000000000000186        0x4 /usr/lib/gcc/avr/11.2.0/avr5/libgcc.a(_exit.o)
 *(.fini0)
 *(.hightext)
 *(.hightext*)
 *(.progmemx.*)
                0x000000000000018a                . = ALIGN (0x2)
 *(.jumptables)
 *(.jumptables*)
                0x000000000000018a                _etext = .

.data           0x0000000000800100       0x32 load address 0x000000000000018a
                0x0000000000800100                PROVIDE (__data_start = .)
 *(.data)
 .data          0x0000000000800100       0x32 obj/solderocket.o
                0x0000000000800100                delays
                0x0000000000800114                LEDS
 *(.data*)
 *(.gnu.linkonce.d*)
 *(.rodata)
 *(.rodata*)
 *(.gnu.linkonce.r*)
                0x0000000000800132                . = ALIGN (0x2)
                0x0000000000800132                _edata = .
                0x0000000000800132                PROVIDE (__data_end = .)

.bss            0x0000000000800132        0x0
                [!provide]                        PROVIDE (__bss_start = .)
 *(.bss)
 *(.bss*)
 *(COMMON)
                [!provide]                        PROVIDE (__bss_end = .)
                0x000000000000018a                __data_load_start = LOADADDR (.data)
                0x00000000000001bc                __data_load_end = (__data_load_start + SIZEOF (.data))

.noinit         0x0000000000800132        0x0
                [!provide]                        PROVIDE (__noinit_start = .)
 *(.noinit .noinit.* .gnu.linkonce.n.*)
                [!provide]                        PROVIDE (__noinit_end = .)
                0x0000000000800132                _end = .
                [!provide]                        PROVIDE (__heap_start = .)

.eeprom         0x0000000000810000        0x0
 *(.eeprom*)
                0x0000000000810000                __eeprom_end = .

.fuse
 *(.fuse)
 *(.lfuse)
 *(.hfuse)
 *(.efuse)

.lock
 *(.lock*)

.signature
 *(.signature*)

.stab
 *(.stab)

.stabstr
 *(.stabstr)

.stab.excl
 *(.stab.excl)

.stab.exclstr
 *(.stab.exclstr)

.stab.index
 *(.stab.index)

.stab.indexstr
 *(.stab.indexstr)

.comment        0x0000000000000000       0x12
 *(.comment)
 .comment       0x0000000000000000       0x12 obj/solderocket.o
                                         0x13 (size before relaxing)

.note.gnu.avr.deviceinfo
                0x0000000000000000       0x3c
 .note.gnu.avr.deviceinfo
                0x0000000000000000       0x3c /usr/lib/gcc/avr/11.2.0/../../../../avr/lib/avr5/crtatmega328.o

.note.gnu.build-id
 *(.note.gnu.build-id)

.debug
 *(.debug)

.line
 *(.line)

.debug_srcinfo
 *(.debug_srcinfo)

.debug_sfnames
 *(.debug_sfnames)

.debug_aranges  0x0000000000000000       0x28
 *(.debug_aranges)
 .debug_aranges
                0x0000000000000000       0x28 obj/solderocket.o

.debug_pubnames
 *(.debug_pubnames)

.debug_info     0x0000000000000000      0x8fd
 *(.debug_info .gnu.linkonce.wi.*)
 .debug_info    0x0000000000000000      0x5f4 /usr/lib/gcc/avr/11.2.0/../../../../avr/lib/avr5/crtatmega328.o
 .debug_info    0x00000000000005f4      0x309 obj/solderocket.o

.debug_abbrev   0x0000000000000000      0x795
 *(.debug_abbrev)
 .debug_abbrev  0x0000000000000000      0x5a2 /usr/lib/gcc/avr/11.2.0/../../../../avr/lib/avr5/crtatmega328.o
 .debug_abbrev  0x00000000000005a2      0x1f3 obj/solderocket.o

.debug_line     0x0000000000000000      0x401
 *(.debug_line .debug_line.* .debug_line_end)
 .debug_line    0x0000000000000000       0x1d /usr/lib/gcc/avr/11.2.0/../../../../avr/lib/avr5/crtatmega328.o
 .debug_line    0x000000000000001d      0x3e4 obj/solderocket.o

.debug_frame    0x0000000000000000       0x34
 *(.debug_frame)
 .debug_frame   0x0000000000000000       0x34 obj/solderocket.o

.debug_str      0x0000000000000000      0x43d
 *(.debug_str)
 .debug_str     0x0000000000000000      0x208 /usr/lib/gcc/avr/11.2.0/../../../../avr/lib/avr5/crtatmega328.o
 .debug_str     0x0000000000000208      0x235 obj/solderocket.o
                                        0x269 (size before relaxing)

.debug_loc      0x0000000000000000      0x160
 *(.debug_loc)
 .debug_loc     0x0000000000000000      0x160 obj/solderocket.o

.debug_macinfo
 *(.debug_macinfo)

.debug_weaknames
 *(.debug_weaknames)

.debug_funcnames
 *(.debug_funcnames)

.debug_typenames
 *(.debug_typenames)

.debug_varnames
 *(.debug_varnames)

.debug_pubtypes
 *(.debug_pubtypes)

.debug_ranges   0x0000000000000000       0x78
 *(.debug_ranges)
 .debug_ranges  0x0000000000000000       0x78 obj/solderocket.o

.debug_addr
 *(.debug_addr)

.debug_line_str
 *(.debug_line_str)

.debug_loclists
 *(.debug_loclists)

.debug_macro
 *(.debug_macro)

.debug_names
 *(.debug_names)

.debug_rnglists
 *(.debug_rnglists)

.debug_str_offsets
 *(.debug_str_offsets)

.debug_sup
 *(.debug_sup)
OUTPUT(solderocket.elf elf32-avr)
LOAD linker stubs

Cross Reference Table

Symbol                                            File
LEDS                                              obj/solderocket.o
ReadADC                                           obj/solderocket.o
__bad_interrupt                                   /usr/lib/gcc/avr/11.2.0/../../../../avr/lib/avr5/crtatmega328.o
__data_end                                        /usr/lib/gcc/avr/11.2.0/avr5/libgcc.a(_copy_data.o)
__data_load_start                                 /usr/lib/gcc/avr/11.2.0/avr5/libgcc.a(_copy_data.o)
__data_start                                      /usr/lib/gcc/avr/11.2.0/avr5/libgcc.a(_copy_data.o)
__do_copy_data                                    /usr/lib/gcc/avr/11.2.0/avr5/libgcc.a(_copy_data.o)
                                                  obj/solderocket.o
__heap_end                                        /usr/lib/gcc/avr/11.2.0/../../../../avr/lib/avr5/crtatmega328.o
__init                                            /usr/lib/gcc/avr/11.2.0/../../../../avr/lib/avr5/crtatmega328.o
__stack                                           /usr/lib/gcc/avr/11.2.0/../../../../avr/lib/avr5/crtatmega328.o
__udivmodhi4                                      /usr/lib/gcc/avr/11.2.0/avr5/libgcc.a(_udivmodhi4.o)
                                                  obj/solderocket.o
__vector_1                                        /usr/lib/gcc/avr/11.2.0/../../../../avr/lib/avr5/crtatmega328.o
__vector_10                                       /usr/lib/gcc/avr/11.2.0/../../../../avr/lib/avr5/crtatmega328.o
__vector_11                                       /usr/lib/gcc/avr/11.2.0/../../../../avr/lib/avr5/crtatmega328.o
__vector_12                                       /usr/lib/gcc/avr/11.2.0/../../../../avr/lib/avr5/crtatmega328.o
__vector_13                                       /usr/lib/gcc/avr/11.2.0/../../../../avr/lib/avr5/crtatmega328.o
__vector_14                                       /usr/lib/gcc/avr/11.2.0/../../../../avr/lib/avr5/crtatmega328.o
__vector_15                                       /usr/lib/gcc/avr/11.2.0/../../../../avr/lib/avr5/crtatmega328.o
__vector_16                                       /usr/lib/gcc/avr/11.2.0/../../../../avr/lib/avr5/crtatmega328.o
__vector_17                                       /usr/lib/gcc/avr/11.2.0/../../../../avr/lib/avr5/crtatmega328.o
__vector_18                                       /usr/lib/gcc/avr/11.2.0/../../../../avr/lib/avr5/crtatmega328.o
__vector_19                                       /usr/lib/gcc/avr/11.2.0/../../../../avr/lib/avr5/crtatmega328.o
__vector_2                                        /usr/lib/gcc/avr/11.2.0/../../../../avr/lib/avr5/crtatmega328.o
__vector_20                                       /usr/lib/gcc/avr/11.2.0/../../../../avr/lib/avr5/crtatmega328.o
__vector_21                                       /usr/lib/gcc/avr/11.2.0/../../../../avr/lib/avr5/crtatmega328.o
__vector_22                                       /usr/lib/gcc/avr/11.2.0/../../../../avr/lib/avr5/crtatmega328.o
__vector_23                                       /usr/lib/gcc/avr/11.2.0/../../../../avr/lib/avr5/crtatmega328.o
__vector_24                                       /usr/lib/gcc/avr/11.2.0/../../../../avr/lib/avr5/crtatmega328.o
__vector_25                                       /usr/lib/gcc/avr/11.2.0/../../../../avr/lib/avr5/crtatmega328.o
__vector_3                                        /usr/lib/gcc/avr/11.2.0/../../../../avr/lib/avr5/crtatmega328.o
__vector_4                                        /usr/lib/gcc/avr/11.2.0/../../../../avr/lib/avr5/crtatmega328.o
__vector_5                                        /usr/lib/gcc/avr/11.2.0/../../../../avr/lib/avr5/crtatmega328.o
__vector_6                                        /usr/lib/gcc/avr/11.2.0/../../../../avr/lib/avr5/crtatmega328.o
__vector_7                                        /usr/lib/gcc/avr/11.2.0/../../../../avr/lib/avr5/crtatmega328.o
__vector_8                                        /usr/lib/gcc/avr/11.2.0/../../../../avr/lib/avr5/crtatmega328.o
__vector_9                                        /usr/lib/gcc/avr/11.2.0/../../../../avr/lib/avr5/crtatmega328.o
__vector_default                                  /usr/lib/gcc/avr/11.2.0/../../../../avr/lib/avr5/crtatmega328.o
__vectors                                         /usr/lib/gcc/avr/11.2.0/../../../../avr/lib/avr5/crtatmega328.o
_exit                                             /usr/lib/gcc/avr/11.2.0/avr5/libgcc.a(_exit.o)
delays                                            obj/solderocket.o
exit                                              /usr/lib/gcc/avr/11.2.0/avr5/libgcc.a(_exit.o)
                                                  /usr/lib/gcc/avr/11.2.0/../../../../avr/lib/avr5/crtatmega328.o
main                                              obj/solderocket.o
                                                  /usr/lib/gcc/avr/11.2.0/../../../../avr/lib/avr5/crtatmega328.o
